C51 COMPILER V9.50a   LCD                                                                  01/09/2023 02:15:48 PAGE 1   


C51 COMPILER V9.50a, COMPILATION OF MODULE LCD
OBJECT MODULE PLACED IN .\OUTPUT\lcd.obj
COMPILER INVOKED BY: D:\Keil\C51\C51\BIN\C51.EXE BSP\LCD\lcd.c BROWSE INCDIR(.\USER;.\BSP\LED;.\BSP\DELAY;.\BSP\UART;.\B
                    -SP\BUTTON;.\BSP\LCD) DEBUG OBJECTEXTEND PRINT(.\LISITING\lcd.lst) TABS(2) OBJECT(.\OUTPUT\lcd.obj)

line level    source

   1          #include <reg51.h>
   2          #include <delay.h>
   3          
   4          //引脚配置：
   5          sbit LCD_RS=P2^6;
   6          sbit LCD_RW=P2^5;
   7          sbit LCD_EN=P2^7;
   8          
   9          #define LCD_DataPort P0
  10          
  11          
  12          /*
  13          lcd写入命令函数
  14          输入：需要写入的命令
  15          输出：对lcd进行设置
  16          */
  17          void LCD_WriteCommand(unsigned char Command)
  18          {
  19   1        LCD_RS=0;
  20   1        LCD_RW=0;
  21   1        LCD_DataPort=Command;
  22   1        LCD_EN=1;
  23   1        delay_ms(1);
  24   1        LCD_EN=0;
  25   1        delay_ms(1);
  26   1      }
  27          
  28          /*
  29          lcd写入数据函数
  30          输入：需要写入的数据
  31          输出：对lcd进行写入
  32          */
  33          void LCD_WriteData(unsigned char Data)
  34          {
  35   1        LCD_RS=1;
  36   1        LCD_RW=0;
  37   1        LCD_DataPort=Data;
  38   1        LCD_EN=1;
  39   1        delay_ms(1);
  40   1        LCD_EN=0;
  41   1        delay_ms(1);
  42   1      }
  43          
  44          /*
  45          lcd光标设置函数
  46          输入：光标起始位置（第几行，第几个）
  47          输出：设置效果
  48          */
  49          void LCD_SetCursor(unsigned char Line,unsigned char Column)
  50          {
  51   1        if(Line==1)
  52   1        {
  53   2          LCD_WriteCommand(0x80|(Column-1));
  54   2        }
C51 COMPILER V9.50a   LCD                                                                  01/09/2023 02:15:48 PAGE 2   

  55   1        else if(Line==2)
  56   1        {
  57   2          LCD_WriteCommand(0x80|(Column-1+0x40));
  58   2        }
  59   1      }
  60          
  61          /*
  62          lcd写初始化函数
  63          */
  64          void LCD_Init()
  65          {
  66   1        LCD_WriteCommand(0x38);//八位数据接口，两行显示，5*7点阵
  67   1        LCD_WriteCommand(0x0c);//显示开，光标关，闪烁关
  68   1        LCD_WriteCommand(0x06);//数据读写操作后，光标自动加一，画面不动
  69   1        LCD_WriteCommand(0x01);//光标复位，清屏
  70   1      }
  71          
  72          /*
  73          lcd写入字符串函数
  74          输入：初始位置的行和第几个，字符串指针
  75          输出：显示效果
  76          */
  77          void LCD_ShowString(unsigned char Line,unsigned char Column,char *String)
  78          {
  79   1        unsigned char i;
  80   1        LCD_SetCursor(Line,Column);
  81   1        for(i=0;String[i]!='\0';i++)
  82   1        {
  83   2          LCD_WriteData(String[i]);
  84   2        }
  85   1      }
  86          


MODULE INFORMATION:   STATIC OVERLAYABLE
   CODE SIZE        =    136    ----
   CONSTANT SIZE    =   ----    ----
   XDATA SIZE       =   ----    ----
   PDATA SIZE       =   ----    ----
   DATA SIZE        =   ----       6
   IDATA SIZE       =   ----    ----
   BIT SIZE         =   ----    ----
END OF MODULE INFORMATION.


C51 COMPILATION COMPLETE.  0 WARNING(S),  0 ERROR(S)
