C51 COMPILER V9.50a   LED                                                                  01/07/2023 20:11:55 PAGE 1   


C51 COMPILER V9.50a, COMPILATION OF MODULE LED
OBJECT MODULE PLACED IN .\OUTPUT\led.obj
COMPILER INVOKED BY: D:\Keil\C51\C51\BIN\C51.EXE BSP\LED\led.c BROWSE INCDIR(.\USER;.\BSP\LED;.\BSP\DELAY;.\BSP\UART) DE
                    -BUG OBJECTEXTEND PRINT(.\LISITING\led.lst) TABS(2) OBJECT(.\OUTPUT\led.obj)

line level    source

   1          #include<reg51.h>
   2          #include"delay.h"
   3          
   4          sbit SRCLK = P3^6;
   5          sbit rCLK = P3^5;
   6          sbit SER = P3^4;
   7          
   8          /*
   9          hc595写入函数
  10          输入：想要的IO电平对应的十六进制数
  11          输出：对应的IO电平效果
  12          */
  13          void row(u8 dat)
  14          {
  15   1        u8 i = 0;
  16   1        for (i = 0; i < 8; i++)
  17   1        {
  18   2          //字节左移七位取最高位
  19   2          SER = dat >> 7;
  20   2          //字节右移一位，次高位变最高位
  21   2          dat <<= 1;
  22   2          //移位寄存器时钟置低电位
  23   2          SRCLK = 0;
  24   2          delay_10us(1);
  25   2          //给移位寄存器一个上升沿信号
  26   2          SRCLK = 1;
  27   2          delay_10us(1);
  28   2        }
  29   1        //存储寄存器时钟置低电位
  30   1        rCLK = 0;
  31   1        delay_10us(1);
  32   1        //给存储寄存器一个上升沿信号，将数据输出
  33   1        rCLK = 1;
  34   1      }
  35          
  36          /*
  37          P0写入函数
  38          输入：想要的IO电平对应的十六进制数
  39          输出：对应的IO电平效果
  40          */
  41          void col(u8 dat)
  42          {
  43   1        P0 = dat;
  44   1      }


MODULE INFORMATION:   STATIC OVERLAYABLE
   CODE SIZE        =     67    ----
   CONSTANT SIZE    =   ----    ----
   XDATA SIZE       =   ----    ----
   PDATA SIZE       =   ----    ----
   DATA SIZE        =   ----       2
   IDATA SIZE       =   ----    ----
   BIT SIZE         =   ----    ----
C51 COMPILER V9.50a   LED                                                                  01/07/2023 20:11:55 PAGE 2   

END OF MODULE INFORMATION.


C51 COMPILATION COMPLETE.  0 WARNING(S),  0 ERROR(S)
